// Jest Snapshot v1, https://goo.gl/fbAQLP

exports[`Export Panel Should render successfully 1`] = `
{
  "asFragment": [Function],
  "baseElement": <body>
    <div>
      <div
        class="options-panel__container"
      >
        <div
          class="options-panel"
        >
          <div>
            <button
              class="options-panel__button"
            >
              <img
                alt="Save Route as GeoJSON"
                src="/img/save-route/geojson-file.svg"
                title="Save Route as GeoJSON"
              />
            </button>
            <button
              class="options-panel__button"
            >
              <img
                alt="Save Route as GPX"
                src="/img/save-route/gpx-file.svg"
                title="Save Route as GPX"
              />
            </button>
          </div>
        </div>
      </div>
    </div>
  </body>,
  "container": <div>
    <div
      class="options-panel__container"
    >
      <div
        class="options-panel"
      >
        <div>
          <button
            class="options-panel__button"
          >
            <img
              alt="Save Route as GeoJSON"
              src="/img/save-route/geojson-file.svg"
              title="Save Route as GeoJSON"
            />
          </button>
          <button
            class="options-panel__button"
          >
            <img
              alt="Save Route as GPX"
              src="/img/save-route/gpx-file.svg"
              title="Save Route as GPX"
            />
          </button>
        </div>
      </div>
    </div>
  </div>,
  "debug": [Function],
  "findAllByAltText": [Function],
  "findAllByDisplayValue": [Function],
  "findAllByLabelText": [Function],
  "findAllByPlaceholderText": [Function],
  "findAllByRole": [Function],
  "findAllByTestId": [Function],
  "findAllByText": [Function],
  "findAllByTitle": [Function],
  "findByAltText": [Function],
  "findByDisplayValue": [Function],
  "findByLabelText": [Function],
  "findByPlaceholderText": [Function],
  "findByRole": [Function],
  "findByTestId": [Function],
  "findByText": [Function],
  "findByTitle": [Function],
  "getAllByAltText": [Function],
  "getAllByDisplayValue": [Function],
  "getAllByLabelText": [Function],
  "getAllByPlaceholderText": [Function],
  "getAllByRole": [Function],
  "getAllByTestId": [Function],
  "getAllByText": [Function],
  "getAllByTitle": [Function],
  "getByAltText": [Function],
  "getByDisplayValue": [Function],
  "getByLabelText": [Function],
  "getByPlaceholderText": [Function],
  "getByRole": [Function],
  "getByTestId": [Function],
  "getByText": [Function],
  "getByTitle": [Function],
  "queryAllByAltText": [Function],
  "queryAllByDisplayValue": [Function],
  "queryAllByLabelText": [Function],
  "queryAllByPlaceholderText": [Function],
  "queryAllByRole": [Function],
  "queryAllByTestId": [Function],
  "queryAllByText": [Function],
  "queryAllByTitle": [Function],
  "queryByAltText": [Function],
  "queryByDisplayValue": [Function],
  "queryByLabelText": [Function],
  "queryByPlaceholderText": [Function],
  "queryByRole": [Function],
  "queryByTestId": [Function],
  "queryByText": [Function],
  "queryByTitle": [Function],
  "rerender": [Function],
  "unmount": [Function],
}
`;
